// Jest Snapshot v1, https://goo.gl/fbAQLP

exports[`<Main /> should render the heading 1`] = `
<main
  class="styles__Wrapper-sc-149c3co-0 ddlUmS"
>
  <img
    alt="Imagem de um átomo e React Avançado escrito ao lado."
    class="styles__Logo-sc-149c3co-1 bOEOgx"
    src="/img/logo.svg"
  />
  <h1
    class="styles__Title-sc-149c3co-2 inbMBf"
  >
    React Avançado
  </h1>
  <h2
    class="styles__Description-sc-149c3co-3 fpgUEE"
  >
    TypeScript, ReactJS, NextJS e Styled Components
  </h2>
  <img
    alt="Um desenvolvedor de frente para uma tela com código."
    class="styles__Illustration-sc-149c3co-4 sMEHZ"
    src="img/hero-illustration.svg"
  />
</main>
`
